sysmoUSIM-SJS1 parameterization tool
Copyright (c)2017-2019 Sysmocom s.f.m.c. GmbH

Initializing smartcard terminal...
 * Detected Card IMSI:  262423203000002
   USIM Application installed

Authenticating...
 * Remaining attempts: 3
 * Authenticating...
 * Authentication successful
 * Remaining attempts: 3

Programming SIM-Mode...
 * Initializing...
 * New status of Record No.1 in EF.DIR:
   ffffffffffffffffffffffffffffffffffffffffffffffffffffffffffffffffffffffffffff
   ==> USIM application disabled
 * Programming...

Done!
sysmoUSIM-SJS1 parameterization tool
Copyright (c)2017-2019 Sysmocom s.f.m.c. GmbH

Initializing smartcard terminal...
 * Detected Card IMSI:  None

Authenticating...
 * Remaining attempts: 3
 * Authenticating...
 * Authentication successful
 * Remaining attempts: 3

Reading SIM-Mode...
 * Initializing...
 * Reading...
 * Current status of Record No. 1 in EF.DIR:
   ffffffffffffffffffffffffffffffffffffffffffffffffffffffffffffffffffffffffffff
   ==> USIM application disabled

Done!
sysmoUSIM-SJS1 parameterization tool
Copyright (c)2017-2019 Sysmocom s.f.m.c. GmbH

Initializing smartcard terminal...
 * Detected Card IMSI:  None

Authenticating...
 * Remaining attempts: 3
 * Authenticating...
 * Authentication successful
 * Remaining attempts: 3

Programming SIM-Mode...
 * Initializing...
 * New status of Record No.1 in EF.DIR:
   61194f10a0000000871002ffffffff890709000050055553696d31ffffffffffffffffffffff
   ==> USIM application enabled
 * Programming...

Done!
sysmoUSIM-SJS1 parameterization tool
Copyright (c)2017-2019 Sysmocom s.f.m.c. GmbH

Initializing smartcard terminal...
 * Detected Card IMSI:  262423203000002
   USIM Application installed

Authenticating...
 * Remaining attempts: 3
 * Authenticating...
 * Authentication successful
 * Remaining attempts: 3

Reading SIM-Mode...
 * Initializing...
 * Reading...
 * Current status of Record No. 1 in EF.DIR:
   61194f10a0000000871002ffffffff890709000050055553696d31ffffffffffffffffffffff
   ==> USIM application enabled

Done!
