sysmoUSIM-SJS1 parameterization tool
Copyright (c)2017-2019 Sysmocom s.f.m.c. GmbH

Initializing smartcard terminal...
 * Detected Card IMSI:  262423203000002
   USIM Application installed

Authenticating...
 * Remaining attempts: 3
 * Authenticating...
 * Authentication successful
 * Remaining attempts: 3

Programming Milenage parameters...
 * Initializing...
 * New Milenage Parameters for (EF.MLNGC):
   C1: 1234567890abcdef1234567890abcdef
   C2: f1234567890abcdef1234567890abcde
   C3: ef1234567890abcdef1234567890abcd
   C4: def1234567890abcdef1234567890abc
   C5: cdef1234567890abcdef1234567890ab
   R1: 0xaa
   R2: 0xbb
   R3: 0xcc
   R4: 0xdd
   R5: 0xee
 * Programming...

Done!
sysmoUSIM-SJS1 parameterization tool
Copyright (c)2017-2019 Sysmocom s.f.m.c. GmbH

Initializing smartcard terminal...
 * Detected Card IMSI:  262423203000002
   USIM Application installed

Authenticating...
 * Remaining attempts: 3
 * Authenticating...
 * Authentication successful
 * Remaining attempts: 3

Reading Milenage parameters...
 * Initializing...
 * Reading...
 * Current Milenage Parameters in (EF.MLNGC):
   C1: 1234567890abcdef1234567890abcdef
   C2: f1234567890abcdef1234567890abcde
   C3: ef1234567890abcdef1234567890abcd
   C4: def1234567890abcdef1234567890abc
   C5: cdef1234567890abcdef1234567890ab
   R1: 0xaa
   R2: 0xbb
   R3: 0xcc
   R4: 0xdd
   R5: 0xee

Done!
sysmoUSIM-SJS1 parameterization tool
Copyright (c)2017-2019 Sysmocom s.f.m.c. GmbH

Initializing smartcard terminal...
 * Detected Card IMSI:  262423203000002
   USIM Application installed

Authenticating...
 * Remaining attempts: 3
 * Authenticating...
 * Authentication successful
 * Remaining attempts: 3

Programming Milenage parameters...
 * Initializing...
 * New Milenage Parameters for (EF.MLNGC):
   C1: 00000000000000000000000000000000
   C2: 00000000000000000000000000000001
   C3: 00000000000000000000000000000002
   C4: 00000000000000000000000000000004
   C5: 00000000000000000000000000000008
   R1: 0x40
   R2: 0x0
   R3: 0x20
   R4: 0x40
   R5: 0x60
 * Programming...

Done!
sysmoUSIM-SJS1 parameterization tool
Copyright (c)2017-2019 Sysmocom s.f.m.c. GmbH

Initializing smartcard terminal...
 * Detected Card IMSI:  262423203000002
   USIM Application installed

Authenticating...
 * Remaining attempts: 3
 * Authenticating...
 * Authentication successful
 * Remaining attempts: 3

Reading Milenage parameters...
 * Initializing...
 * Reading...
 * Current Milenage Parameters in (EF.MLNGC):
   C1: 00000000000000000000000000000000
   C2: 00000000000000000000000000000001
   C3: 00000000000000000000000000000002
   C4: 00000000000000000000000000000004
   C5: 00000000000000000000000000000008
   R1: 0x40
   R2: 0x0
   R3: 0x20
   R4: 0x40
   R5: 0x60

Done!
