sysmoUSIM-SJS1 parameterization tool
Copyright (c)2017-2019 Sysmocom s.f.m.c. GmbH

Initializing smartcard terminal...
 * Detected Card IMSI:  262423203000002
   USIM Application installed

Authenticating...
 * Remaining attempts: 3
 * Authenticating...
 * Authentication successful
 * Remaining attempts: 3

Writing KI value...
 * Initalizing...
 * New KI setting:
   KI: a0b1c2d3e4f5061728394a5b6c7d8e9f
 * Programming...

Done!
sysmoUSIM-SJS1 parameterization tool
Copyright (c)2017-2019 Sysmocom s.f.m.c. GmbH

Initializing smartcard terminal...
 * Detected Card IMSI:  262423203000002
   USIM Application installed

Authenticating...
 * Remaining attempts: 3
 * Authenticating...
 * Authentication successful
 * Remaining attempts: 3

Reading KI value...
 * Reading...
 * Current KI setting:
   KI: a0b1c2d3e4f5061728394a5b6c7d8e9f

Done!
sysmoUSIM-SJS1 parameterization tool
Copyright (c)2017-2019 Sysmocom s.f.m.c. GmbH

Initializing smartcard terminal...
 * Detected Card IMSI:  262423203000002
   USIM Application installed

Authenticating...
 * Remaining attempts: 3
 * Authenticating...
 * Authentication successful
 * Remaining attempts: 3

Writing KI value...
 * Initalizing...
 * New KI setting:
   KI: 94c7f52c8c7337fad1af3a73b17b56ac
 * Programming...

Done!
sysmoUSIM-SJS1 parameterization tool
Copyright (c)2017-2019 Sysmocom s.f.m.c. GmbH

Initializing smartcard terminal...
 * Detected Card IMSI:  262423203000002
   USIM Application installed

Authenticating...
 * Remaining attempts: 3
 * Authenticating...
 * Authentication successful
 * Remaining attempts: 3

Reading KI value...
 * Reading...
 * Current KI setting:
   KI: 94c7f52c8c7337fad1af3a73b17b56ac

Done!
