sysmoUSIM-SJS1 parameterization tool
Copyright (c)2017-2019 Sysmocom s.f.m.c. GmbH

Initializing smartcard terminal...
 * Detected Card IMSI:  262423203000002
   USIM Application installed

Authenticating...
 * Remaining attempts: 3
 * Authenticating...
 * Authentication successful
 * Remaining attempts: 3

Writing MNCLEN value...
 * Initializing...
 * New MNCLEN setting:
   MNCLEN: 0x02
 * Programming...

Done!
sysmoUSIM-SJS1 parameterization tool
Copyright (c)2017-2019 Sysmocom s.f.m.c. GmbH

Initializing smartcard terminal...
 * Detected Card IMSI:  262423203000002
   USIM Application installed

Authenticating...
 * Remaining attempts: 3
 * Authenticating...
 * Authentication successful
 * Remaining attempts: 3

Reading MNCLEN value...
 * Initializing...
 * Reading...
 * Current MNCLEN setting:
   MNCLEN: 0x02

Done!
sysmoUSIM-SJS1 parameterization tool
Copyright (c)2017-2019 Sysmocom s.f.m.c. GmbH

Initializing smartcard terminal...
 * Detected Card IMSI:  262423203000002
   USIM Application installed

Authenticating...
 * Remaining attempts: 3
 * Authenticating...
 * Authentication successful
 * Remaining attempts: 3

Writing MNCLEN value...
 * Initializing...
 * New MNCLEN setting:
   MNCLEN: 0x03
 * Programming...

Done!
sysmoUSIM-SJS1 parameterization tool
Copyright (c)2017-2019 Sysmocom s.f.m.c. GmbH

Initializing smartcard terminal...
 * Detected Card IMSI:  262423203000002
   USIM Application installed

Authenticating...
 * Remaining attempts: 3
 * Authenticating...
 * Authentication successful
 * Remaining attempts: 3

Reading MNCLEN value...
 * Initializing...
 * Reading...
 * Current MNCLEN setting:
   MNCLEN: 0x03

Done!
sysmoUSIM-SJS1 parameterization tool
Copyright (c)2017-2019 Sysmocom s.f.m.c. GmbH

Initializing smartcard terminal...
 * Detected Card IMSI:  262423203000002
   USIM Application installed

Authenticating...
 * Remaining attempts: 3
 * Authenticating...
 * Authentication successful
 * Remaining attempts: 3

Writing MNCLEN value...
 * Initializing...
 * New MNCLEN setting:
   MNCLEN: 0x02
 * Programming...

Done!
sysmoUSIM-SJS1 parameterization tool
Copyright (c)2017-2019 Sysmocom s.f.m.c. GmbH

Initializing smartcard terminal...
 * Detected Card IMSI:  262423203000002
   USIM Application installed

Authenticating...
 * Remaining attempts: 3
 * Authenticating...
 * Authentication successful
 * Remaining attempts: 3

Reading MNCLEN value...
 * Initializing...
 * Reading...
 * Current MNCLEN setting:
   MNCLEN: 0x02

Done!
