sysmoISIM-SJA2 parameterization tool
Copyright (c) 2019-2022 sysmocom - s.f.m.c. GmbH

Trying to find card with ATR: 3B 9F 96 80 1F 87 80 31 E0 73 FE 21 1B 67 4A 4C 75 30 34 05 4B A9
Initializing smartcard terminal...
 * Detected Card IMSI:  901700000046734
   ISIM Application installed
   USIM Application installed

Authenticating...
 * Remaining attempts: 3
 * Authenticating...
 * Authentication successful
 * Remaining attempts: 3

Writing MNCLEN value...
 * Initalizing...
 * New MNCLEN setting:
   MNCLEN: 0x02
 * Programming...

Done!
sysmoISIM-SJA2 parameterization tool
Copyright (c) 2019-2022 sysmocom - s.f.m.c. GmbH

Trying to find card with ATR: 3B 9F 96 80 1F 87 80 31 E0 73 FE 21 1B 67 4A 4C 75 30 34 05 4B A9
Initializing smartcard terminal...
 * Detected Card IMSI:  901700000046734
   ISIM Application installed
   USIM Application installed

Authenticating...
 * Remaining attempts: 3
 * Authenticating...
 * Authentication successful
 * Remaining attempts: 3

Reading MNCLEN value...
 * Initalizing...
 * Reading...
 * Current MNCLEN setting:
   MNCLEN: 0x02

Done!
sysmoISIM-SJA2 parameterization tool
Copyright (c) 2019-2022 sysmocom - s.f.m.c. GmbH

Trying to find card with ATR: 3B 9F 96 80 1F 87 80 31 E0 73 FE 21 1B 67 4A 4C 75 30 34 05 4B A9
Initializing smartcard terminal...
 * Detected Card IMSI:  901700000046734
   ISIM Application installed
   USIM Application installed

Authenticating...
 * Remaining attempts: 3
 * Authenticating...
 * Authentication successful
 * Remaining attempts: 3

Writing MNCLEN value...
 * Initalizing...
 * New MNCLEN setting:
   MNCLEN: 0x03
 * Programming...

Done!
sysmoISIM-SJA2 parameterization tool
Copyright (c) 2019-2022 sysmocom - s.f.m.c. GmbH

Trying to find card with ATR: 3B 9F 96 80 1F 87 80 31 E0 73 FE 21 1B 67 4A 4C 75 30 34 05 4B A9
Initializing smartcard terminal...
 * Detected Card IMSI:  901700000046734
   ISIM Application installed
   USIM Application installed

Authenticating...
 * Remaining attempts: 3
 * Authenticating...
 * Authentication successful
 * Remaining attempts: 3

Reading MNCLEN value...
 * Initalizing...
 * Reading...
 * Current MNCLEN setting:
   MNCLEN: 0x03

Done!
sysmoISIM-SJA2 parameterization tool
Copyright (c) 2019-2022 sysmocom - s.f.m.c. GmbH

Trying to find card with ATR: 3B 9F 96 80 1F 87 80 31 E0 73 FE 21 1B 67 4A 4C 75 30 34 05 4B A9
Initializing smartcard terminal...
 * Detected Card IMSI:  901700000046734
   ISIM Application installed
   USIM Application installed

Authenticating...
 * Remaining attempts: 3
 * Authenticating...
 * Authentication successful
 * Remaining attempts: 3

Writing MNCLEN value...
 * Initalizing...
 * New MNCLEN setting:
   MNCLEN: 0x02
 * Programming...

Done!
sysmoISIM-SJA2 parameterization tool
Copyright (c) 2019-2022 sysmocom - s.f.m.c. GmbH

Trying to find card with ATR: 3B 9F 96 80 1F 87 80 31 E0 73 FE 21 1B 67 4A 4C 75 30 34 05 4B A9
Initializing smartcard terminal...
 * Detected Card IMSI:  901700000046734
   ISIM Application installed
   USIM Application installed

Authenticating...
 * Remaining attempts: 3
 * Authenticating...
 * Authentication successful
 * Remaining attempts: 3

Reading MNCLEN value...
 * Initalizing...
 * Reading...
 * Current MNCLEN setting:
   MNCLEN: 0x02

Done!
